// Jest Snapshot v1, https://goo.gl/fbAQLP

exports[`Testing <MetaBlock/> Component Metcblock view correct 1`] = `
<div
  className="MuiBox-root MuiBox-root-3 makeStyles-padding-2"
>
  <p
    className="MuiTypography-root MuiTypography-body2"
  >
    title
    :
  </p>
  <p
    className="MuiTypography-root MuiTypography-body1"
  >
    prefix
    meta text
  </p>
</div>
`;
