// Jest Snapshot v1, https://goo.gl/fbAQLP

exports[`Testing <FilmCard/> Component renders correctly 1`] = `
<div
  className="MuiBox-root MuiBox-root-10 makeStyles-card-1"
  onClick={[Function]}
>
  <div
    className="MuiBox-root MuiBox-root-11 makeStyles-rating-6 makeStyles-ratingUp-7"
  >
    7.8
  </div>
  <div
    className="MuiBox-root MuiBox-root-12 makeStyles-filmCover-4"
  >
    <img
      alt="Title film"
      className="makeStyles-filmCover-4"
      onClick={[Function]}
      src="https://upload.wikimedia.org/wikipedia/commons/6/65/No-Image-Placeholder.svg"
    />
    <img
      alt="play"
      className="makeStyles-block-5"
      src="play.svg"
    />
  </div>
  <div
    className="MuiBox-root MuiBox-root-13 makeStyles-title-3"
  >
    Title film
  </div>
</div>
`;
